src/pages/Admin.tsx(2,24): error TS6133: 'Save' is declared but its value is never read.
src/pages/Admin.tsx(2,38): error TS6133: 'X' is declared but its value is never read.
src/pages/Admin.tsx(2,65): error TS6133: 'Instagram' is declared but its value is never read.
src/pages/Admin.tsx(2,89): error TS6133: 'CheckCircle' is declared but its value is never read.
src/pages/Admin.tsx(2,102): error TS6133: 'Clock' is declared but its value is never read.
src/pages/Admin.tsx(2,109): error TS6133: 'User' is declared but its value is never read.
src/pages/Admin.tsx(2,115): error TS6133: 'Phone' is declared but its value is never read.
src/pages/Admin.tsx(2,122): error TS6133: 'AlertTriangle' is declared but its value is never read.
src/pages/Admin.tsx(399,126): error TS7006: Parameter 'id' implicitly has an 'any' type.
src/pages/Admin.tsx(399,271): error TS7006: Parameter 's' implicitly has an 'any' type.
src/pages/Admin.tsx(404,67): error TS6133: 'compressImage' is declared but its value is never read.
src/pages/Admin.tsx(418,35): error TS6133: 'mapSrc' is declared but its value is never read.
src/pages/Admin.tsx(418,60): error TS6133: 'compressImage' is declared but its value is never read.
src/pages/Admin.tsx(418,75): error TS6133: 'otherHotspots' is declared but its value is never read.
